alexa@DESKTOP-5L19PMQ MINGW64 /f/Git (master)
$ git init
Reinitialized existing Git repository in F:/Git/.git/

alexa@DESKTOP-5L19PMQ MINGW64 /f/Git (master)
$ git remote add origin https://github.com/Jessicapa1/Programa-git.git
error: remote origin already exists.

alexa@DESKTOP-5L19PMQ MINGW64 /f/Git (master)
$ git.remote-v
bash: git.remote-v: command not found

alexa@DESKTOP-5L19PMQ MINGW64 /f/Git (master)
$ git remote-v
git: 'remote-v' is not a git command. See 'git --help'.

The most similar command is
        remote-fd

alexa@DESKTOP-5L19PMQ MINGW64 /f/Git (master)
$ git remote -v
origin  https://github.com/Jessicapa1/programa-git-git (fetch)
origin  https://github.com/Jessicapa1/programa-git-git (push)

alexa@DESKTOP-5L19PMQ MINGW64 /f/Git (master)
$ git add.
git: 'add.' is not a git command. See 'git --help'.

The most similar command is
        add

alexa@DESKTOP-5L19PMQ MINGW64 /f/Git (master)
$ git add .

alexa@DESKTOP-5L19PMQ MINGW64 /f/Git (master)
$ git commit -m
error: switch `m' requires a value

alexa@DESKTOP-5L19PMQ MINGW64 /f/Git (master)
$ git commit -m " se agrega archivo"
[master (root-commit) 8fa248c]  se agrega archivo
 1 file changed, 2 insertions(+)
 create mode 100644 kotlin.txt..txt

alexa@DESKTOP-5L19PMQ MINGW64 /f/Git (master)
$ git push origin
fatal: The current branch master has no upstream branch.
To push the current branch and set the remote as upstream, use

    git push --set-upstream origin master

To have this happen automatically for branches without a tracking
upstream, see 'push.autoSetupRemote' in 'git help config'.


alexa@DESKTOP-5L19PMQ MINGW64 /f/Git (master)
$ git push
fatal: The current branch master has no upstream branch.
To push the current branch and set the remote as upstream, use

    git push --set-upstream origin master

To have this happen automatically for branches without a tracking
upstream, see 'push.autoSetupRemote' in 'git help config'.


alexa@DESKTOP-5L19PMQ MINGW64 /f/Git (master)
$ git push --set-upstream origin master
remote: Repository not found.
fatal: repository 'https://github.com/Jessicapa1/programa-git-git/' not found

alexa@DESKTOP-5L19PMQ MINGW64 /f/Git (master)
$ git push --set-upstream origin master
remote: Repository not found.
fatal: repository 'https://github.com/Jessicapa1/programa-git-git/' not found

alexa@DESKTOP-5L19PMQ MINGW64 /f/Git (master)
$ git add  origin git@github.com:Jessicapa1/Programa-git.git
fatal: pathspec 'origin' did not match any files

alexa@DESKTOP-5L19PMQ MINGW64 /f/Git (master)
$ git remote add origin git@github.com:Jessicapa1/Programa-git.git
error: remote origin already exists.

alexa@DESKTOP-5L19PMQ MINGW64 /f/Git (master)
$ git push --set-upstream origin master
remote: Repository not found.
fatal: repository 'https://github.com/Jessicapa1/programa-git-git/' not found

alexa@DESKTOP-5L19PMQ MINGW64 /f/Git (master)
$ git remote set-url origin git@github.com:Jessicapa1/Programa-git.git

alexa@DESKTOP-5L19PMQ MINGW64 /f/Git (master)
$ git push --set-upstream origin master
The authenticity of host 'github.com (140.82.112.3)' can't be established.
ED25519 key fingerprint is SHA256:+DiY3wvvV6TuJJhbpZisF/zLDA0zPMSvHdkr4UvCOqU.
This key is not known by any other names.
Are you sure you want to continue connecting (yes/no/[fingerprint])? yes
Warning: Permanently added 'github.com' (ED25519) to the list of known hosts.
git@github.com: Permission denied (publickey).
fatal: Could not read from remote repository.

Please make sure you have the correct access rights
and the repository exists.

alexa@DESKTOP-5L19PMQ MINGW64 /f/Git (master)
$ git remote set-url origin ssh://git@github.com:Jessicapa1/Programa-git.git

alexa@DESKTOP-5L19PMQ MINGW64 /f/Git (master)
$ git push --set-upstream origin master
ssh: Could not resolve hostname github.com:Jessicapa1: Name or service not known
fatal: Could not read from remote repository.

Please make sure you have the correct access rights
and the repository exists.

alexa@DESKTOP-5L19PMQ MINGW64 /f/Git (master)
$ ssh-keygen -t rsa -b 4096 -C facturasitagui@gmail.com
Generating public/private rsa key pair.

Enter file in which to save the key (/c/Users/alexa/.ssh/id_rsa): Enter passphrase for "/c/Users/alexa/.ssh/id_rsa" (empty for no passphrase):
Enter same passphrase again:
Your identification has been saved in /c/Users/alexa/.ssh/id_rsa
Your public key has been saved in /c/Users/alexa/.ssh/id_rsa.pub
The key fingerprint is:
SHA256:c3i85AA6TsWRfDOJJR9m4Gtb09FHY3dtsrnk/eeSskY facturasitagui@gmail.com
The key's randomart image is:
+---[RSA 4096]----+
|     .+==.    + +|
|     o+*=. . o.o+|
|      =..o. . .= |
|     o o + . .+  |
|    + o S *  o o |
|   o o o O .E o .|
|    . .   o.   ..|
|            o o o|
|           ..o oo|
+----[SHA256]-----+

alexa@DESKTOP-5L19PMQ MINGW64 /f/Git (master)
$ eval "$(ssh-agent -s)"
Agent pid 2170

alexa@DESKTOP-5L19PMQ MINGW64 /f/Git (master)
$ ssh-add ~/.ssh/id_rsa
Identity added: /c/Users/alexa/.ssh/id_rsa (facturasitagui@gmail.com)

alexa@DESKTOP-5L19PMQ MINGW64 /f/Git (master)
$ cat ~/.ssh/id_rsa.pub
ssh-rsa AAAAB3NzaC1yc2EAAAADAQABAAACAQCa/maHvQgqk4T+hf4Z19DHqI1490wDtQiD1PHvVCD9iBiT+Gi7B5fQAgHQtf1zUM9pkZSaeEGt9h5Yi0pA73/RmhYaTAPksa51gQZkmHZUN1Bqld5w7vHek76WBYbL24cJdjo1Pgd12PkyGvtwgd14ICFeZmJtu6z/fuGxqsUfC8KY1A/N3A2O5iX0aBzwYOai9uFnIAqRZltloK2F+LeImydCFhiNrZRFdU08ecoK6iDdKWVjBPTETGlHKDVhsPsVU+Pv+ZR17uybv4QfkcW6UFXbVrAp46NQ2X/jq3TBFQaP6e6jXh9CZ8X3INCyReaH/N9x8amkUvEoYNDWD0l8pwcAseicdmpaNtJXcR8RBLnFtVpXqrIPgzqY/fgWxahpKa2MdUt+He18KwMAl4zivJmoAqn0+PXPLYEKEWl51TluEPK5UtT7/UA5Z8Uobd6lQxCmOZUZpawswaHeYagBrH9TbyaBEbQwkb45Nou+KvEIs0OkEQJUT8vsHc5AmFtm1cvLBnL6ajKrYj70ZmFKgMNfoLC84AMQN9mZGil4OPoNb9R9io0EyoTrGuU9JsmjhTDBw9xNhPZaw7Oa9ZPqjX1kMvn0VgKMC1ykSpN/7reY0EB6O+lIbmZY6FUivi7zhiQDg1GhuDFD06vypQ5DqeQSA8e+eM1XmYME/FsiXQ== facturasitagui@gmail.com

alexa@DESKTOP-5L19PMQ MINGW64 /f/Git (master)
^C^C

alexa@DESKTOP-5L19PMQ MINGW64 /f/Git (master)
$ git push
fatal: The current branch master has no upstream branch.
To push the current branch and set the remote as upstream, use

    git push --set-upstream origin master

To have this happen automatically for branches without a tracking
upstream, see 'push.autoSetupRemote' in 'git help config'.


alexa@DESKTOP-5L19PMQ MINGW64 /f/Git (master)
$ git push --set-upstream origin master
ssh: Could not resolve hostname github.com:Jessicapa1: Name or service not known
fatal: Could not read from remote repository.

Please make sure you have the correct access rights
and the repository exists.

alexa@DESKTOP-5L19PMQ MINGW64 /f/Git (master)
$ git origin add https://github.com/Jessicapa1/Programa-git.git
git: 'origin' is not a git command. See 'git --help'.

alexa@DESKTOP-5L19PMQ MINGW64 /f/Git (master)
$ git remote add origin https://github.com/Jessicapa1/Programa-git.git
error: remote origin already exists.

alexa@DESKTOP-5L19PMQ MINGW64 /f/Git (master)
$ git push origin master
ssh: Could not resolve hostname github.com:Jessicapa1: Name or service not known
fatal: Could not read from remote repository.

Please make sure you have the correct access rights
and the repository exists.

alexa@DESKTOP-5L19PMQ MINGW64 /f/Git (master)
$ git remote -v
origin  ssh://git@github.com:Jessicapa1/Programa-git.git (fetch)
origin  ssh://git@github.com:Jessicapa1/Programa-git.git (push)

alexa@DESKTOP-5L19PMQ MINGW64 /f/Git (master)
$ git remote set-url origin https://github.com/Jessicapa1/Programa-git.git

alexa@DESKTOP-5L19PMQ MINGW64 /f/Git (master)
$ git push
fatal: The current branch master has no upstream branch.
To push the current branch and set the remote as upstream, use

    git push --set-upstream origin master

To have this happen automatically for branches without a tracking
upstream, see 'push.autoSetupRemote' in 'git help config'.


alexa@DESKTOP-5L19PMQ MINGW64 /f/Git (master)
$ git push --set-upstream origin master
Enumerating objects: 3, done.
Counting objects: 100% (3/3), done.
Writing objects: 100% (3/3), 267 bytes | 7.00 KiB/s, done.
Total 3 (delta 0), reused 0 (delta 0), pack-reused 0 (from 0)
remote:
remote: Create a pull request for 'master' on GitHub by visiting:
remote:      https://github.com/Jessicapa1/Programa-git/pull/new/master
remote:
To https://github.com/Jessicapa1/Programa-git.git
 * [new branch]      master -> master
branch 'master' set up to track 'origin/master'.

alexa@DESKTOP-5L19PMQ MINGW64 /f/Git (master)
$

alexa@DESKTOP-5L19PMQ MINGW64 /f/Git (master)
$
